Starting a Gradle Daemon (subsequent builds will be faster)

> Configure project :shared

Please wait while Kotlin/Native compiler 1.9.24 is being installed.
Download kotlin-native-prebuilt-macos-aarch64-1.9.24.tar.gz finished, took 3 ms
Unpack Kotlin/Native compiler to /Users/runner/.konan/kotlin-native-prebuilt-macos-aarch64-1.9.24
Unpack Kotlin/Native compiler to /Users/runner/.konan/kotlin-native-prebuilt-macos-aarch64-1.9.24 finished, took 10 s 229 ms
w: Kotlin Multiplatform <-> Android Gradle Plugin compatibility issue:
The applied Android Gradle Plugin version (8.9.2) is higher 
than the maximum known to the Kotlin Gradle Plugin.
Tooling stability in such configuration isn't tested, please report encountered issues to https://kotl.in/issue"

Minimum supported Android Gradle Plugin version: 7.0
Maximum tested Android Gradle Plugin version: 8.2

To suppress this message add 'kotlin.mpp.androidGradlePluginCompatibility.nowarn=true' to your gradle.properties


> Task :shared:checkKotlinGradlePluginConfigurationErrors

> Task :shared:compileKotlinIosX64
Downloading native dependencies (LLVM, sysroot etc). This is a one-time action performed only on the first run of the compiler.

(KonanProperties) Downloading dependency: https://download.jetbrains.com/kotlin/native/apple-llvm-20200714-macos-aarch64-essentials.tar.gz (0/86257507). 
(KonanProperties) Downloading dependency: https://download.jetbrains.com/kotlin/native/apple-llvm-20200714-macos-aarch64-essentials.tar.gz (39754105/86257507). 
(KonanProperties) Downloading dependency: https://download.jetbrains.com/kotlin/native/apple-llvm-20200714-macos-aarch64-essentials.tar.gz (86257507/86257507). Done.
Extracting dependency: /Users/runner/.konan/dependencies/cache/apple-llvm-20200714-macos-aarch64-essentials.tar.gz into /Users/runner/.konan/dependencies

(KonanProperties) Downloading dependency: https://download.jetbrains.com/kotlin/native/libffi-3.3-1-macos-arm64.tar.gz (0/17037). 
(KonanProperties) Downloading dependency: https://download.jetbrains.com/kotlin/native/libffi-3.3-1-macos-arm64.tar.gz (17037/17037). Done.
Extracting dependency: /Users/runner/.konan/dependencies/cache/libffi-3.3-1-macos-arm64.tar.gz into /Users/runner/.konan/dependencies
w: file:///Users/runner/work/camera-assestant-ios-sandbox/camera-assestant-ios-sandbox/android/shared/src/commonMain/kotlin/app/dyrecto/liveview/reference/creative/experts/SegmentationExpert.kt:41:59 Unnecessary safe call on a non-null receiver of type ReferenceAiProfile?
w: file:///Users/runner/work/camera-assestant-ios-sandbox/camera-assestant-ios-sandbox/android/shared/src/commonMain/kotlin/app/dyrecto/platform/AtomicLong.kt:7:1 'expect'/'actual' classes (including interfaces, objects, annotations, enums, and 'actual' typealiases) are in Beta. You can use -Xexpect-actual-classes flag to suppress this warning. Also see: https://youtrack.jetbrains.com/issue/KT-61573
w: file:///Users/runner/work/camera-assestant-ios-sandbox/camera-assestant-ios-sandbox/android/shared/src/commonMain/kotlin/app/dyrecto/platform/PlatformImage.kt:10:1 'expect'/'actual' classes (including interfaces, objects, annotations, enums, and 'actual' typealiases) are in Beta. You can use -Xexpect-actual-classes flag to suppress this warning. Also see: https://youtrack.jetbrains.com/issue/KT-61573
w: file:///Users/runner/work/camera-assestant-ios-sandbox/camera-assestant-ios-sandbox/android/shared/src/iosMain/kotlin/app/dyrecto/platform/AtomicLong.kt:5:1 'expect'/'actual' classes (including interfaces, objects, annotations, enums, and 'actual' typealiases) are in Beta. You can use -Xexpect-actual-classes flag to suppress this warning. Also see: https://youtrack.jetbrains.com/issue/KT-61573
w: file:///Users/runner/work/camera-assestant-ios-sandbox/camera-assestant-ios-sandbox/android/shared/src/iosMain/kotlin/app/dyrecto/platform/PlatformImage.kt:8:1 'expect'/'actual' classes (including interfaces, objects, annotations, enums, and 'actual' typealiases) are in Beta. You can use -Xexpect-actual-classes flag to suppress this warning. Also see: https://youtrack.jetbrains.com/issue/KT-61573
w: file:///Users/runner/work/camera-assestant-ios-sandbox/camera-assestant-ios-sandbox/android/shared/src/iosMain/kotlin/app/dyrecto/platform/Time.kt:6:34 'getTimeMillis(): Long' is deprecated. Use measureTime() or TimeSource.Monotonic.markNow() instead.
w: file:///Users/runner/work/camera-assestant-ios-sandbox/camera-assestant-ios-sandbox/android/shared/src/iosMain/kotlin/app/dyrecto/platform/Time.kt:8:31 'getTimeNanos(): Long' is deprecated. Use measureTime() or TimeSource.Monotonic.markNow() instead.

> Task :xcodeVersion
> Task :shared:linkDebugFrameworkIosX64
gradle/actions: Writing build results to /Users/runner/work/_temp/.gradle-actions/build-results/__run_3-1786798653899.json

BUILD SUCCESSFUL in 51s
4 actionable tasks: 4 executed
